2026-09-28 14:04:55.812: [INFO] CurrentProfilePath: C:\DIONN\TEAMCUT\tmp-hero-edge\Default
2026-09-28 14:04:55.812: [INFO] Profiles total count: 1
2026-09-28 14:04:55.812: [INFO] Profile: name=Profile 1 path=C:\DIONN\TEAMCUT\tmp-hero-edge\Default lastActive=null
2026-09-28 14:04:55.812: [INFO] LastUsedProfileDir: C:\DIONN\TEAMCUT\tmp-hero-edge\Default
2026-09-28 14:04:55.812: [INFO] VisibilityChanged: 0
2026-09-28 14:04:55.845: [INFO] RecordSyncInitDuration has_sync_been_enabled: 0 state: 0
2026-09-28 14:04:55.850: [INFO] RecordSyncInitDuration has_sync_been_enabled: 0 state: 0
2026-09-28 14:04:55.853: [INFO] RecordSyncInitDuration has_sync_been_enabled: 0 state: 0
2026-09-28 14:04:55.856: [INFO] RecordSyncInitDuration has_sync_been_enabled: 0 state: 0
2026-09-28 14:04:55.859: [INFO] RecordSyncInitDuration has_sync_been_enabled: 0 state: 0
2026-09-28 14:04:55.861: [INFO] RecordSyncInitDuration has_sync_been_enabled: 0 state: 0
2026-09-28 14:04:55.867: [INFO] RecordSyncInitDuration has_sync_been_enabled: 0 state: 0
2026-09-28 14:04:55.870: [INFO] RecordSyncInitDuration has_sync_been_enabled: 0 state: 0
2026-09-28 14:04:55.872: [INFO] RecordSyncInitDuration has_sync_been_enabled: 0 state: 0
2026-09-28 14:04:55.875: [INFO] RecordSyncInitDuration has_sync_been_enabled: 0 state: 0
2026-09-28 14:04:55.891: [INFO] OnDoneLoading sync enabled: 0
2026-09-28 14:04:55.891: [INFO] BookmarkModelLoaded, ids_reassigned: 0
2026-09-28 14:04:55.891: [INFO] BookmarksLoadDropped droppedNodes=0
2026-09-28 14:04:55.891: [INFO] BookmarksSnapshot Startup total=0 bar=0 other=0 mobile=0 showBar=0 showBarNTP=1
2026-09-28 14:04:57.027: [INFO] RecordSyncInitDuration has_sync_been_enabled: 0 state: 0
